---
source: crates/codira_hir/src/ty/tests.rs
expression: "infer(r\"\n    func main() -> u8 {\n        let t = ((1, 2), 3.0);\n        let inner = t.0;\n        inner.1\n    }\",)"
---
18..81 '{     ...er.1 }': u8
28..29 't': ((i32, u8), f64)
32..45 '((1, 2), 3.0)': ((i32, u8), f64)
33..39 '(1, 2)': (i32, u8)
34..35 '1': i32
37..38 '2': u8
41..44 '3.0': f64
55..60 'inner': (i32, u8)
63..64 't': ((i32, u8), f64)
63..66 't.0': (i32, u8)
72..77 'inner': (i32, u8)
72..79 'inner.1': u8
