---
source: crates/codira_hir/src/ty/tests.rs
expression: "infer(r\"\n    func main() -> i32 {\n        let t = (1, 2.0);\n        let n = t.1;\n        t.0\n    }\",)"
---
19..69 '{     ... t.0 }': i32
29..30 't': (i32, f64)
33..41 '(1, 2.0)': (i32, f64)
34..35 '1': i32
37..40 '2.0': f64
51..52 'n': f64
55..56 't': (i32, f64)
55..58 't.1': f64
64..65 't': (i32, f64)
64..67 't.0': i32
