---
source: crates/codira_hir/src/ty/tests.rs
expression: "infer(r\"\n    func main() -> u8 {\n        let ((a, b), c) = ((1, 2), 3.0);\n        let (_, keep) = (99, b);\n        a + keep\n    }\",)"
---
18..100 '{     ...keep }': u8
28..39 '((a, b), c)': ((u8, u8), f64)
29..35 '(a, b)': (u8, u8)
30..31 'a': u8
33..34 'b': u8
37..38 'c': f64
42..55 '((1, 2), 3.0)': ((u8, u8), f64)
43..49 '(1, 2)': (u8, u8)
44..45 '1': u8
47..48 '2': u8
51..54 '3.0': f64
65..74 '(_, keep)': (i32, u8)
69..73 'keep': u8
77..84 '(99, b)': (i32, u8)
78..80 '99': i32
82..83 'b': u8
90..91 'a': u8
90..98 'a + keep': u8
94..98 'keep': u8
