---
source: crates/codira_hir/src/ty/tests.rs
expression: "infer(r\"\n    func divmod(a: i64, b: i64) -> (i64, i64) {\n        (a / b, a % b)\n    }\n\n    func main() -> i64 {\n        let (q, r) = divmod(47, 5);\n        q + r\n    }\",)"
---
12..13 'a': i64
20..21 'b': i64
42..64 '{     ...% b) }': (i64, i64)
48..62 '(a / b, a % b)': (i64, i64)
49..50 'a': i64
49..54 'a / b': i64
53..54 'b': i64
56..57 'a': i64
56..61 'a % b': i64
60..61 'b': i64
85..130 '{     ... + r }': i64
95..101 '(q, r)': (i64, i64)
96..97 'q': i64
99..100 'r': i64
104..110 'divmod': function divmod(i64, i64) -> (i64, i64)
104..117 'divmod(47, 5)': (i64, i64)
111..113 '47': i64
115..116 '5': i64
123..124 'q': i64
123..128 'q + r': i64
127..128 'r': i64
