---
source: crates/codira_syntax/tests/stdlib_ratchet.rs
expression: summary
snapshot_kind: text
---
77 of 77 std files parse

ok    std/ai/algorithm/functional.code
ok    std/ai/algorithm/reduction.code
ok    std/ai/linalg/matmul.code
ok    std/ai/linalg/vector.code
ok    std/ai/nn/activation.code
ok    std/ai/nn/layer.code
ok    std/ai/quantize.code
ok    std/ai/tensor/buffer.code
ok    std/ai/tensor/raw.code
ok    std/ai/tensor/shape.code
ok    std/atomic/atomic.code
ok    std/base64/base64.code
ok    std/bit/bit.code
ok    std/bit/mask.code
ok    std/builtin/bool.code
ok    std/builtin/dtype.code
ok    std/builtin/error.code
ok    std/builtin/int.code
ok    std/builtin/range.code
ok    std/builtin/simd.code
ok    std/builtin/slice.code
ok    std/builtin/sort.code
ok    std/builtin/string_literal.code
ok    std/builtin/swap.code
ok    std/builtin/traits.code
ok    std/builtin/tuple.code
ok    std/builtin/type_aliases.code
ok    std/builtin/types.code
ok    std/collections/array.code
ok    std/collections/binary_heap.code
ok    std/collections/bitset.code
ok    std/collections/counter.code
ok    std/collections/deque.code
ok    std/collections/dict.code
ok    std/collections/linked_list.code
ok    std/collections/list.code
ok    std/collections/optional.code
ok    std/collections/set.code
ok    std/collections/span.code
ok    std/collections/string.code
ok    std/complex/complex.code
ok    std/ffi/cstring.code
ok    std/ffi/unsafe_union.code
ok    std/format/format.code
ok    std/format/repr.code
ok    std/gpu/globals.code
ok    std/gpu/host_info.code
ok    std/gpu/id.code
ok    std/gpu/intrinsics.code
ok    std/gpu/profiler.code
ok    std/gpu/warp.code
ok    std/hashlib/hash.code
ok    std/hashlib/hasher.code
ok    std/math/constants.code
ok    std/math/fast.code
ok    std/math/math.code
ok    std/math/polynomial.code
ok    std/memory/alloc.code
ok    std/memory/arc_pointer.code
ok    std/memory/memory.code
ok    std/memory/owned_pointer.code
ok    std/memory/pointer.code
ok    std/memory/unsafe_pointer.code
ok    std/os/env.code
ok    std/os/os.code
ok    std/os/path.code
ok    std/os/process.code
ok    std/pathlib/path.code
ok    std/prelude.code
ok    std/random/random.code
ok    std/sys/arg.code
ok    std/sys/info.code
ok    std/sys/intrinsics.code
ok    std/sys/terminate.code
ok    std/testing/suite.code
ok    std/testing/testing.code
ok    std/time/time.code
