---
source: crates/codira_codegen/src/test.rs
expression: "\n    public func not(a: u64) -> u64 { !a }\n    public func bitand(a: u64, b: u64) -> u64 { a & b }\n    public func bitor(a: u64, b: u64) -> u64 { a | b }\n    public func bitxor(a: u64, b: u64) -> u64 { a ^ b }\n                        "
---
; == FILE IR (mod) =====================================
; ModuleID = 'mod'
source_filename = "mod"

; Function Attrs: mustprogress nofree norecurse nosync nounwind willreturn memory(none)
define i64 @not(i64 %0) local_unnamed_addr #0 {
body:
  %not = xor i64 %0, -1
  ret i64 %not
}

; Function Attrs: mustprogress nofree norecurse nosync nounwind willreturn memory(none)
define i64 @bitand(i64 %0, i64 %1) local_unnamed_addr #0 {
body:
  %bit_and = and i64 %1, %0
  ret i64 %bit_and
}

; Function Attrs: mustprogress nofree norecurse nosync nounwind willreturn memory(none)
define i64 @bitor(i64 %0, i64 %1) local_unnamed_addr #0 {
body:
  %bit_or = or i64 %1, %0
  ret i64 %bit_or
}

; Function Attrs: mustprogress nofree norecurse nosync nounwind willreturn memory(none)
define i64 @bitxor(i64 %0, i64 %1) local_unnamed_addr #0 {
body:
  %bit_xor = xor i64 %1, %0
  ret i64 %bit_xor
}

attributes #0 = { mustprogress nofree norecurse nosync nounwind willreturn memory(none) }

; == GROUP IR (mod) ====================================
; ModuleID = 'group_name'
source_filename = "group_name"

@global_type_lookup_table = global [1 x ptr] zeroinitializer
