---
source: crates/codira_codegen/src/test.rs
expression: "\n    public func leftshift(a: i128, b: i128) -> i128 { a << b }\n    public func rightshift(a: i128, b: i128) -> i128 { a >> b }\n                        "
---
; == FILE IR (mod) =====================================
; ModuleID = 'mod'
source_filename = "mod"

; Function Attrs: mustprogress nofree norecurse nosync nounwind willreturn memory(none)
define i128 @leftshift(i128 %0, i128 %1) local_unnamed_addr #0 {
body:
  %left_shift = shl i128 %0, %1
  ret i128 %left_shift
}

; Function Attrs: mustprogress nofree norecurse nosync nounwind willreturn memory(none)
define i128 @rightshift(i128 %0, i128 %1) local_unnamed_addr #0 {
body:
  %right_shift = ashr i128 %0, %1
  ret i128 %right_shift
}

attributes #0 = { mustprogress nofree norecurse nosync nounwind willreturn memory(none) }

; == GROUP IR (mod) ====================================
; ModuleID = 'group_name'
source_filename = "group_name"

@global_type_lookup_table = global [1 x ptr] zeroinitializer
